<?xml version="1.0" encoding="ISO-8859-1" ?>
<link_info>
   <banner>TMS320C2000 Linker PC v18.1.4.LTS</banner>
   <copyright>Copyright (c) 1996-2018 Texas Instruments Incorporated</copyright>
   <link_time>0x60485adb</link_time>
   <link_errors>0x0</link_errors>
   <output_file>F28027_I2C_LCD.out</output_file>
   <entry_point>
      <name>_c_int00</name>
      <address>0x3f64a0</address>
   </entry_point>
   <input_file_list>
      <input_file id="fl-2">
         <path>.\</path>
         <kind>object</kind>
         <file>F28027_I2C_LCD.obj</file>
         <name>F28027_I2C_LCD.obj</name>
      </input_file>
      <input_file id="fl-3">
         <path>.\</path>
         <kind>object</kind>
         <file>F28027_I2C_LCD_main.obj</file>
         <name>F28027_I2C_LCD_main.obj</name>
      </input_file>
      <input_file id="fl-9">
         <kind>object</kind>
         <file>&lt;internal&gt;</file>
         <name>&lt;internal&gt;</name>
      </input_file>
      <input_file id="fl-a">
         <path>..\</path>
         <kind>archive</kind>
         <file>driverlib.lib</file>
         <name>F2802xX_GlobalVariableDefs.obj</name>
      </input_file>
      <input_file id="fl-b">
         <path>..\</path>
         <kind>archive</kind>
         <file>driverlib.lib</file>
         <name>clk.obj</name>
      </input_file>
      <input_file id="fl-c">
         <path>..\</path>
         <kind>archive</kind>
         <file>driverlib.lib</file>
         <name>cpu.obj</name>
      </input_file>
      <input_file id="fl-d">
         <path>..\</path>
         <kind>archive</kind>
         <file>driverlib.lib</file>
         <name>f2802xx_asmfuncs.obj</name>
      </input_file>
      <input_file id="fl-e">
         <path>..\</path>
         <kind>archive</kind>
         <file>driverlib.lib</file>
         <name>flash.obj</name>
      </input_file>
      <input_file id="fl-f">
         <path>..\</path>
         <kind>archive</kind>
         <file>driverlib.lib</file>
         <name>gpio.obj</name>
      </input_file>
      <input_file id="fl-10">
         <path>..\</path>
         <kind>archive</kind>
         <file>driverlib.lib</file>
         <name>pie.obj</name>
      </input_file>
      <input_file id="fl-11">
         <path>..\</path>
         <kind>archive</kind>
         <file>driverlib.lib</file>
         <name>pll.obj</name>
      </input_file>
      <input_file id="fl-12">
         <path>..\</path>
         <kind>archive</kind>
         <file>driverlib.lib</file>
         <name>wdog.obj</name>
      </input_file>
      <input_file id="fl-13">
         <path>..\</path>
         <kind>archive</kind>
         <file>driverlib.lib</file>
         <name>f2802xx_defaultisr.obj</name>
      </input_file>
      <input_file id="fl-1f">
         <path>C:\ti\ccsv8\tools\compiler\ti-cgt-c2000_18.1.4.LTS\lib\</path>
         <kind>archive</kind>
         <file>rts2800_ml.lib</file>
         <name>boot28.asm.obj</name>
      </input_file>
      <input_file id="fl-20">
         <path>C:\ti\ccsv8\tools\compiler\ti-cgt-c2000_18.1.4.LTS\lib\</path>
         <kind>archive</kind>
         <file>rts2800_ml.lib</file>
         <name>fd_div28.asm.obj</name>
      </input_file>
      <input_file id="fl-21">
         <path>C:\ti\ccsv8\tools\compiler\ti-cgt-c2000_18.1.4.LTS\lib\</path>
         <kind>archive</kind>
         <file>rts2800_ml.lib</file>
         <name>fd_mpy28.asm.obj</name>
      </input_file>
      <input_file id="fl-22">
         <path>C:\ti\ccsv8\tools\compiler\ti-cgt-c2000_18.1.4.LTS\lib\</path>
         <kind>archive</kind>
         <file>rts2800_ml.lib</file>
         <name>fd_sub28.asm.obj</name>
      </input_file>
      <input_file id="fl-23">
         <path>C:\ti\ccsv8\tools\compiler\ti-cgt-c2000_18.1.4.LTS\lib\</path>
         <kind>archive</kind>
         <file>rts2800_ml.lib</file>
         <name>fd_toul28.asm.obj</name>
      </input_file>
      <input_file id="fl-24">
         <path>C:\ti\ccsv8\tools\compiler\ti-cgt-c2000_18.1.4.LTS\lib\</path>
         <kind>archive</kind>
         <file>rts2800_ml.lib</file>
         <name>u_tofd28.asm.obj</name>
      </input_file>
      <input_file id="fl-25">
         <path>C:\ti\ccsv8\tools\compiler\ti-cgt-c2000_18.1.4.LTS\lib\</path>
         <kind>archive</kind>
         <file>rts2800_ml.lib</file>
         <name>cpy_tbl.c.obj</name>
      </input_file>
      <input_file id="fl-26">
         <path>C:\ti\ccsv8\tools\compiler\ti-cgt-c2000_18.1.4.LTS\lib\</path>
         <kind>archive</kind>
         <file>rts2800_ml.lib</file>
         <name>memcpy.c.obj</name>
      </input_file>
      <input_file id="fl-27">
         <path>C:\ti\ccsv8\tools\compiler\ti-cgt-c2000_18.1.4.LTS\lib\</path>
         <kind>archive</kind>
         <file>rts2800_ml.lib</file>
         <name>pre_init.c.obj</name>
      </input_file>
      <input_file id="fl-28">
         <path>C:\ti\ccsv8\tools\compiler\ti-cgt-c2000_18.1.4.LTS\lib\</path>
         <kind>archive</kind>
         <file>rts2800_ml.lib</file>
         <name>startup.c.obj</name>
      </input_file>
      <input_file id="fl-29">
         <path>C:\ti\ccsv8\tools\compiler\ti-cgt-c2000_18.1.4.LTS\lib\</path>
         <kind>archive</kind>
         <file>rts2800_ml.lib</file>
         <name>exit.c.obj</name>
      </input_file>
      <input_file id="fl-2a">
         <path>C:\ti\ccsv8\tools\compiler\ti-cgt-c2000_18.1.4.LTS\lib\</path>
         <kind>archive</kind>
         <file>rts2800_ml.lib</file>
         <name>_lock.c.obj</name>
      </input_file>
      <input_file id="fl-2b">
         <path>C:\ti\ccsv8\tools\compiler\ti-cgt-c2000_18.1.4.LTS\lib\</path>
         <kind>archive</kind>
         <file>rts2800_ml.lib</file>
         <name>args_main.c.obj</name>
      </input_file>
      <input_file id="fl-2c">
         <path>C:\ti\ccsv8\tools\compiler\ti-cgt-c2000_18.1.4.LTS\lib\</path>
         <kind>archive</kind>
         <file>rts2800_ml.lib</file>
         <name>fd_add28.asm.obj</name>
      </input_file>
   </input_file_list>
   <object_component_list>
      <object_component id="oc-101">
         <name>.cinit</name>
         <load_address>0x3f6805</load_address>
         <run_address>0x3f6805</run_address>
         <size>0xe</size>
         <input_file_ref idref="fl-29"/>
      </object_component>
      <object_component id="oc-11e">
         <name>.cinit:__lock</name>
         <load_address>0x3f6813</load_address>
         <run_address>0x3f6813</run_address>
         <size>0x5</size>
         <input_file_ref idref="fl-2a"/>
      </object_component>
      <object_component id="oc-131">
         <name>.cinit:__unlock</name>
         <load_address>0x3f6818</load_address>
         <run_address>0x3f6818</run_address>
         <size>0x5</size>
         <input_file_ref idref="fl-2a"/>
      </object_component>
      <object_component id="oc-11f">
         <name>.text</name>
         <load_address>0x3f6050</load_address>
         <run_address>0x3f6050</run_address>
         <size>0x1fc</size>
         <input_file_ref idref="fl-2"/>
      </object_component>
      <object_component id="oc-11c">
         <name>.text</name>
         <load_address>0x3f624c</load_address>
         <run_address>0x3f624c</run_address>
         <size>0xaa</size>
         <input_file_ref idref="fl-3"/>
      </object_component>
      <object_component id="oc-111">
         <name>.text</name>
         <load_address>0x3f62f6</load_address>
         <run_address>0x3f62f6</run_address>
         <size>0x9c</size>
         <input_file_ref idref="fl-2c"/>
      </object_component>
      <object_component id="oc-d3">
         <name>.text</name>
         <load_address>0x3f6392</load_address>
         <run_address>0x3f6392</run_address>
         <size>0x8b</size>
         <input_file_ref idref="fl-20"/>
      </object_component>
      <object_component id="oc-d8">
         <name>.text</name>
         <load_address>0x3f641d</load_address>
         <run_address>0x3f641d</run_address>
         <size>0x83</size>
         <input_file_ref idref="fl-21"/>
      </object_component>
      <object_component id="oc-38">
         <name>.text</name>
         <load_address>0x3f64a0</load_address>
         <run_address>0x3f64a0</run_address>
         <size>0x54</size>
         <input_file_ref idref="fl-1f"/>
      </object_component>
      <object_component id="oc-134">
         <name>.text:_GPIO_setMode</name>
         <load_address>0x3f64f4</load_address>
         <run_address>0x3f64f4</run_address>
         <size>0x48</size>
         <input_file_ref idref="fl-f"/>
      </object_component>
      <object_component id="oc-132">
         <name>.text:_GPIO_setPullUp</name>
         <load_address>0x3f653c</load_address>
         <run_address>0x3f653c</run_address>
         <size>0x29</size>
         <input_file_ref idref="fl-f"/>
      </object_component>
      <object_component id="oc-11a">
         <name>.text</name>
         <load_address>0x3f6565</load_address>
         <run_address>0x3f6565</run_address>
         <size>0x29</size>
         <input_file_ref idref="fl-29"/>
      </object_component>
      <object_component id="oc-133">
         <name>.text:_GPIO_setQualification</name>
         <load_address>0x3f658e</load_address>
         <run_address>0x3f658e</run_address>
         <size>0x27</size>
         <input_file_ref idref="fl-f"/>
      </object_component>
      <object_component id="oc-117">
         <name>.text</name>
         <load_address>0x3f65b5</load_address>
         <run_address>0x3f65b5</run_address>
         <size>0x24</size>
         <input_file_ref idref="fl-25"/>
      </object_component>
      <object_component id="oc-11b">
         <name>.text</name>
         <load_address>0x3f65d9</load_address>
         <run_address>0x3f65d9</run_address>
         <size>0x1d</size>
         <input_file_ref idref="fl-26"/>
      </object_component>
      <object_component id="oc-e2">
         <name>.text</name>
         <load_address>0x3f65f6</load_address>
         <run_address>0x3f65f6</run_address>
         <size>0x1b</size>
         <input_file_ref idref="fl-23"/>
      </object_component>
      <object_component id="oc-119">
         <name>.text</name>
         <load_address>0x3f6611</load_address>
         <run_address>0x3f6611</run_address>
         <size>0x19</size>
         <input_file_ref idref="fl-2b"/>
      </object_component>
      <object_component id="oc-e7">
         <name>.text</name>
         <load_address>0x3f662a</load_address>
         <run_address>0x3f662a</run_address>
         <size>0x17</size>
         <input_file_ref idref="fl-24"/>
      </object_component>
      <object_component id="oc-12b">
         <name>.text:_PLL_setup</name>
         <load_address>0x3f6641</load_address>
         <run_address>0x3f6641</run_address>
         <size>0x15</size>
         <input_file_ref idref="fl-11"/>
      </object_component>
      <object_component id="oc-12d">
         <name>.text:_PIE_disableAllInts</name>
         <load_address>0x3f6656</load_address>
         <run_address>0x3f6656</run_address>
         <size>0x11</size>
         <input_file_ref idref="fl-10"/>
      </object_component>
      <object_component id="oc-dd">
         <name>.text</name>
         <load_address>0x3f6667</load_address>
         <run_address>0x3f6667</run_address>
         <size>0xe</size>
         <input_file_ref idref="fl-22"/>
      </object_component>
      <object_component id="oc-124">
         <name>.text:_PIE_init</name>
         <load_address>0x3f6675</load_address>
         <run_address>0x3f6675</run_address>
         <size>0xa</size>
         <input_file_ref idref="fl-10"/>
      </object_component>
      <object_component id="oc-75">
         <name>.text</name>
         <load_address>0x3f667f</load_address>
         <run_address>0x3f667f</run_address>
         <size>0xa</size>
         <input_file_ref idref="fl-d"/>
      </object_component>
      <object_component id="oc-130">
         <name>.text</name>
         <load_address>0x3f6689</load_address>
         <run_address>0x3f6689</run_address>
         <size>0x9</size>
         <input_file_ref idref="fl-2a"/>
      </object_component>
      <object_component id="oc-120">
         <name>.text:_CLK_init</name>
         <load_address>0x3f6692</load_address>
         <run_address>0x3f6692</run_address>
         <size>0x8</size>
         <input_file_ref idref="fl-b"/>
      </object_component>
      <object_component id="oc-122">
         <name>.text:_FLASH_init</name>
         <load_address>0x3f669a</load_address>
         <run_address>0x3f669a</run_address>
         <size>0x8</size>
         <input_file_ref idref="fl-e"/>
      </object_component>
      <object_component id="oc-123">
         <name>.text:_GPIO_init</name>
         <load_address>0x3f66a2</load_address>
         <run_address>0x3f66a2</run_address>
         <size>0x8</size>
         <input_file_ref idref="fl-f"/>
      </object_component>
      <object_component id="oc-125">
         <name>.text:_PLL_init</name>
         <load_address>0x3f66aa</load_address>
         <run_address>0x3f66aa</run_address>
         <size>0x8</size>
         <input_file_ref idref="fl-11"/>
      </object_component>
      <object_component id="oc-127">
         <name>.text:_WDOG_disable</name>
         <load_address>0x3f66b2</load_address>
         <run_address>0x3f66b2</run_address>
         <size>0x8</size>
         <input_file_ref idref="fl-12"/>
      </object_component>
      <object_component id="oc-126">
         <name>.text:_WDOG_init</name>
         <load_address>0x3f66ba</load_address>
         <run_address>0x3f66ba</run_address>
         <size>0x8</size>
         <input_file_ref idref="fl-12"/>
      </object_component>
      <object_component id="oc-129">
         <name>.text:_CLK_disableAdcClock</name>
         <load_address>0x3f66c2</load_address>
         <run_address>0x3f66c2</run_address>
         <size>0x7</size>
         <input_file_ref idref="fl-b"/>
      </object_component>
      <object_component id="oc-128">
         <name>.text:_CLK_enableAdcClock</name>
         <load_address>0x3f66c9</load_address>
         <run_address>0x3f66c9</run_address>
         <size>0x7</size>
         <input_file_ref idref="fl-b"/>
      </object_component>
      <object_component id="oc-135">
         <name>.text:_CLK_enableI2cClock</name>
         <load_address>0x3f66d0</load_address>
         <run_address>0x3f66d0</run_address>
         <size>0x7</size>
         <input_file_ref idref="fl-b"/>
      </object_component>
      <object_component id="oc-12a">
         <name>.text:_CLK_setOscSrc</name>
         <load_address>0x3f66d7</load_address>
         <run_address>0x3f66d7</run_address>
         <size>0x7</size>
         <input_file_ref idref="fl-b"/>
      </object_component>
      <object_component id="oc-138">
         <name>.text:_PLL_setDivider</name>
         <load_address>0x3f66de</load_address>
         <run_address>0x3f66de</run_address>
         <size>0x7</size>
         <input_file_ref idref="fl-11"/>
      </object_component>
      <object_component id="oc-139">
         <name>.text:_PLL_setMultiplier</name>
         <load_address>0x3f66e5</load_address>
         <run_address>0x3f66e5</run_address>
         <size>0x6</size>
         <input_file_ref idref="fl-11"/>
      </object_component>
      <object_component id="oc-a9">
         <name>.text:_ADCINT1_ISR</name>
         <load_address>0x3f66eb</load_address>
         <run_address>0x3f66eb</run_address>
         <size>0x5</size>
         <input_file_ref idref="fl-13"/>
      </object_component>
      <object_component id="oc-aa">
         <name>.text:_ADCINT2_ISR</name>
         <load_address>0x3f66f0</load_address>
         <run_address>0x3f66f0</run_address>
         <size>0x5</size>
         <input_file_ref idref="fl-13"/>
      </object_component>
      <object_component id="oc-bf">
         <name>.text:_ADCINT3_ISR</name>
         <load_address>0x3f66f5</load_address>
         <run_address>0x3f66f5</run_address>
         <size>0x5</size>
         <input_file_ref idref="fl-13"/>
      </object_component>
      <object_component id="oc-c0">
         <name>.text:_ADCINT4_ISR</name>
         <load_address>0x3f66fa</load_address>
         <run_address>0x3f66fa</run_address>
         <size>0x5</size>
         <input_file_ref idref="fl-13"/>
      </object_component>
      <object_component id="oc-c1">
         <name>.text:_ADCINT5_ISR</name>
         <load_address>0x3f66ff</load_address>
         <run_address>0x3f66ff</run_address>
         <size>0x5</size>
         <input_file_ref idref="fl-13"/>
      </object_component>
      <object_component id="oc-c2">
         <name>.text:_ADCINT6_ISR</name>
         <load_address>0x3f6704</load_address>
         <run_address>0x3f6704</run_address>
         <size>0x5</size>
         <input_file_ref idref="fl-13"/>
      </object_component>
      <object_component id="oc-c3">
         <name>.text:_ADCINT7_ISR</name>
         <load_address>0x3f6709</load_address>
         <run_address>0x3f6709</run_address>
         <size>0x5</size>
         <input_file_ref idref="fl-13"/>
      </object_component>
      <object_component id="oc-c4">
         <name>.text:_ADCINT8_ISR</name>
         <load_address>0x3f670e</load_address>
         <run_address>0x3f670e</run_address>
         <size>0x5</size>
         <input_file_ref idref="fl-13"/>
      </object_component>
      <object_component id="oc-ad">
         <name>.text:_ADCINT9_ISR</name>
         <load_address>0x3f6713</load_address>
         <run_address>0x3f6713</run_address>
         <size>0x5</size>
         <input_file_ref idref="fl-13"/>
      </object_component>
      <object_component id="oc-98">
         <name>.text:_DATALOG_ISR</name>
         <load_address>0x3f6718</load_address>
         <run_address>0x3f6718</run_address>
         <size>0x5</size>
         <input_file_ref idref="fl-13"/>
      </object_component>
      <object_component id="oc-b8">
         <name>.text:_ECAP1_INT_ISR</name>
         <load_address>0x3f671d</load_address>
         <run_address>0x3f671d</run_address>
         <size>0x5</size>
         <input_file_ref idref="fl-13"/>
      </object_component>
      <object_component id="oc-c6">
         <name>.text:_EMPTY_ISR</name>
         <load_address>0x3f6722</load_address>
         <run_address>0x3f6722</run_address>
         <size>0x5</size>
         <input_file_ref idref="fl-13"/>
      </object_component>
      <object_component id="oc-9a">
         <name>.text:_EMUINT_ISR</name>
         <load_address>0x3f6727</load_address>
         <run_address>0x3f6727</run_address>
         <size>0x5</size>
         <input_file_ref idref="fl-13"/>
      </object_component>
      <object_component id="oc-b4">
         <name>.text:_EPWM1_INT_ISR</name>
         <load_address>0x3f672c</load_address>
         <run_address>0x3f672c</run_address>
         <size>0x5</size>
         <input_file_ref idref="fl-13"/>
      </object_component>
      <object_component id="oc-b0">
         <name>.text:_EPWM1_TZINT_ISR</name>
         <load_address>0x3f6731</load_address>
         <run_address>0x3f6731</run_address>
         <size>0x5</size>
         <input_file_ref idref="fl-13"/>
      </object_component>
      <object_component id="oc-b5">
         <name>.text:_EPWM2_INT_ISR</name>
         <load_address>0x3f6736</load_address>
         <run_address>0x3f6736</run_address>
         <size>0x5</size>
         <input_file_ref idref="fl-13"/>
      </object_component>
      <object_component id="oc-b1">
         <name>.text:_EPWM2_TZINT_ISR</name>
         <load_address>0x3f673b</load_address>
         <run_address>0x3f673b</run_address>
         <size>0x5</size>
         <input_file_ref idref="fl-13"/>
      </object_component>
      <object_component id="oc-b6">
         <name>.text:_EPWM3_INT_ISR</name>
         <load_address>0x3f6740</load_address>
         <run_address>0x3f6740</run_address>
         <size>0x5</size>
         <input_file_ref idref="fl-13"/>
      </object_component>
      <object_component id="oc-b2">
         <name>.text:_EPWM3_TZINT_ISR</name>
         <load_address>0x3f6745</load_address>
         <run_address>0x3f6745</run_address>
         <size>0x5</size>
         <input_file_ref idref="fl-13"/>
      </object_component>
      <object_component id="oc-b7">
         <name>.text:_EPWM4_INT_ISR</name>
         <load_address>0x3f674a</load_address>
         <run_address>0x3f674a</run_address>
         <size>0x5</size>
         <input_file_ref idref="fl-13"/>
      </object_component>
      <object_component id="oc-b3">
         <name>.text:_EPWM4_TZINT_ISR</name>
         <load_address>0x3f674f</load_address>
         <run_address>0x3f674f</run_address>
         <size>0x5</size>
         <input_file_ref idref="fl-13"/>
      </object_component>
      <object_component id="oc-bb">
         <name>.text:_I2CINT1A_ISR</name>
         <load_address>0x3f6754</load_address>
         <run_address>0x3f6754</run_address>
         <size>0x5</size>
         <input_file_ref idref="fl-13"/>
      </object_component>
      <object_component id="oc-bc">
         <name>.text:_I2CINT2A_ISR</name>
         <load_address>0x3f6759</load_address>
         <run_address>0x3f6759</run_address>
         <size>0x5</size>
         <input_file_ref idref="fl-13"/>
      </object_component>
      <object_component id="oc-9c">
         <name>.text:_ILLEGAL_ISR</name>
         <load_address>0x3f675e</load_address>
         <run_address>0x3f675e</run_address>
         <size>0x5</size>
         <input_file_ref idref="fl-13"/>
      </object_component>
      <object_component id="oc-96">
         <name>.text:_INT13_ISR</name>
         <load_address>0x3f6763</load_address>
         <run_address>0x3f6763</run_address>
         <size>0x5</size>
         <input_file_ref idref="fl-13"/>
      </object_component>
      <object_component id="oc-97">
         <name>.text:_INT14_ISR</name>
         <load_address>0x3f6768</load_address>
         <run_address>0x3f6768</run_address>
         <size>0x5</size>
         <input_file_ref idref="fl-13"/>
      </object_component>
      <object_component id="oc-9b">
         <name>.text:_NMI_ISR</name>
         <load_address>0x3f676d</load_address>
         <run_address>0x3f676d</run_address>
         <size>0x5</size>
         <input_file_ref idref="fl-13"/>
      </object_component>
      <object_component id="oc-c7">
         <name>.text:_PIE_RESERVED</name>
         <load_address>0x3f6772</load_address>
         <run_address>0x3f6772</run_address>
         <size>0x5</size>
         <input_file_ref idref="fl-13"/>
      </object_component>
      <object_component id="oc-86">
         <name>.text:_PIE_illegalIsr</name>
         <load_address>0x3f6777</load_address>
         <run_address>0x3f6777</run_address>
         <size>0x5</size>
         <input_file_ref idref="fl-10"/>
      </object_component>
      <object_component id="oc-99">
         <name>.text:_RTOSINT_ISR</name>
         <load_address>0x3f677c</load_address>
         <run_address>0x3f677c</run_address>
         <size>0x5</size>
         <input_file_ref idref="fl-13"/>
      </object_component>
      <object_component id="oc-bd">
         <name>.text:_SCIRXINTA_ISR</name>
         <load_address>0x3f6781</load_address>
         <run_address>0x3f6781</run_address>
         <size>0x5</size>
         <input_file_ref idref="fl-13"/>
      </object_component>
      <object_component id="oc-be">
         <name>.text:_SCITXINTA_ISR</name>
         <load_address>0x3f6786</load_address>
         <run_address>0x3f6786</run_address>
         <size>0x5</size>
         <input_file_ref idref="fl-13"/>
      </object_component>
      <object_component id="oc-b9">
         <name>.text:_SPIRXINTA_ISR</name>
         <load_address>0x3f678b</load_address>
         <run_address>0x3f678b</run_address>
         <size>0x5</size>
         <input_file_ref idref="fl-13"/>
      </object_component>
      <object_component id="oc-ba">
         <name>.text:_SPITXINTA_ISR</name>
         <load_address>0x3f6790</load_address>
         <run_address>0x3f6790</run_address>
         <size>0x5</size>
         <input_file_ref idref="fl-13"/>
      </object_component>
      <object_component id="oc-ae">
         <name>.text:_TINT0_ISR</name>
         <load_address>0x3f6795</load_address>
         <run_address>0x3f6795</run_address>
         <size>0x5</size>
         <input_file_ref idref="fl-13"/>
      </object_component>
      <object_component id="oc-a6">
         <name>.text:_USER10_ISR</name>
         <load_address>0x3f679a</load_address>
         <run_address>0x3f679a</run_address>
         <size>0x5</size>
         <input_file_ref idref="fl-13"/>
      </object_component>
      <object_component id="oc-a7">
         <name>.text:_USER11_ISR</name>
         <load_address>0x3f679f</load_address>
         <run_address>0x3f679f</run_address>
         <size>0x5</size>
         <input_file_ref idref="fl-13"/>
      </object_component>
      <object_component id="oc-a8">
         <name>.text:_USER12_ISR</name>
         <load_address>0x3f67a4</load_address>
         <run_address>0x3f67a4</run_address>
         <size>0x5</size>
         <input_file_ref idref="fl-13"/>
      </object_component>
      <object_component id="oc-9d">
         <name>.text:_USER1_ISR</name>
         <load_address>0x3f67a9</load_address>
         <run_address>0x3f67a9</run_address>
         <size>0x5</size>
         <input_file_ref idref="fl-13"/>
      </object_component>
      <object_component id="oc-9e">
         <name>.text:_USER2_ISR</name>
         <load_address>0x3f67ae</load_address>
         <run_address>0x3f67ae</run_address>
         <size>0x5</size>
         <input_file_ref idref="fl-13"/>
      </object_component>
      <object_component id="oc-9f">
         <name>.text:_USER3_ISR</name>
         <load_address>0x3f67b3</load_address>
         <run_address>0x3f67b3</run_address>
         <size>0x5</size>
         <input_file_ref idref="fl-13"/>
      </object_component>
      <object_component id="oc-a0">
         <name>.text:_USER4_ISR</name>
         <load_address>0x3f67b8</load_address>
         <run_address>0x3f67b8</run_address>
         <size>0x5</size>
         <input_file_ref idref="fl-13"/>
      </object_component>
      <object_component id="oc-a1">
         <name>.text:_USER5_ISR</name>
         <load_address>0x3f67bd</load_address>
         <run_address>0x3f67bd</run_address>
         <size>0x5</size>
         <input_file_ref idref="fl-13"/>
      </object_component>
      <object_component id="oc-a2">
         <name>.text:_USER6_ISR</name>
         <load_address>0x3f67c2</load_address>
         <run_address>0x3f67c2</run_address>
         <size>0x5</size>
         <input_file_ref idref="fl-13"/>
      </object_component>
      <object_component id="oc-a3">
         <name>.text:_USER7_ISR</name>
         <load_address>0x3f67c7</load_address>
         <run_address>0x3f67c7</run_address>
         <size>0x5</size>
         <input_file_ref idref="fl-13"/>
      </object_component>
      <object_component id="oc-a4">
         <name>.text:_USER8_ISR</name>
         <load_address>0x3f67cc</load_address>
         <run_address>0x3f67cc</run_address>
         <size>0x5</size>
         <input_file_ref idref="fl-13"/>
      </object_component>
      <object_component id="oc-a5">
         <name>.text:_USER9_ISR</name>
         <load_address>0x3f67d1</load_address>
         <run_address>0x3f67d1</run_address>
         <size>0x5</size>
         <input_file_ref idref="fl-13"/>
      </object_component>
      <object_component id="oc-af">
         <name>.text:_WAKEINT_ISR</name>
         <load_address>0x3f67d6</load_address>
         <run_address>0x3f67d6</run_address>
         <size>0x5</size>
         <input_file_ref idref="fl-13"/>
      </object_component>
      <object_component id="oc-ab">
         <name>.text:_XINT1_ISR</name>
         <load_address>0x3f67db</load_address>
         <run_address>0x3f67db</run_address>
         <size>0x5</size>
         <input_file_ref idref="fl-13"/>
      </object_component>
      <object_component id="oc-ac">
         <name>.text:_XINT2_ISR</name>
         <load_address>0x3f67e0</load_address>
         <run_address>0x3f67e0</run_address>
         <size>0x5</size>
         <input_file_ref idref="fl-13"/>
      </object_component>
      <object_component id="oc-c5">
         <name>.text:_XINT3_ISR</name>
         <load_address>0x3f67e5</load_address>
         <run_address>0x3f67e5</run_address>
         <size>0x5</size>
         <input_file_ref idref="fl-13"/>
      </object_component>
      <object_component id="oc-c8">
         <name>.text:_rsvd_ISR</name>
         <load_address>0x3f67ea</load_address>
         <run_address>0x3f67ea</run_address>
         <size>0x5</size>
         <input_file_ref idref="fl-13"/>
      </object_component>
      <object_component id="oc-121">
         <name>.text:_CPU_init</name>
         <load_address>0x3f67ef</load_address>
         <run_address>0x3f67ef</run_address>
         <size>0x4</size>
         <input_file_ref idref="fl-c"/>
      </object_component>
      <object_component id="oc-12f">
         <name>.text:_CPU_clearIntFlags</name>
         <load_address>0x3f67f3</load_address>
         <run_address>0x3f67f3</run_address>
         <size>0x3</size>
         <input_file_ref idref="fl-c"/>
      </object_component>
      <object_component id="oc-12e">
         <name>.text:_CPU_disableGlobalInts</name>
         <load_address>0x3f67f6</load_address>
         <run_address>0x3f67f6</run_address>
         <size>0x3</size>
         <input_file_ref idref="fl-c"/>
      </object_component>
      <object_component id="oc-12c">
         <name>.text:_PIE_disable</name>
         <load_address>0x3f67f9</load_address>
         <run_address>0x3f67f9</run_address>
         <size>0x3</size>
         <input_file_ref idref="fl-10"/>
      </object_component>
      <object_component id="oc-137">
         <name>.text:_PLL_getClkStatus</name>
         <load_address>0x3f67fc</load_address>
         <run_address>0x3f67fc</run_address>
         <size>0x3</size>
         <input_file_ref idref="fl-11"/>
      </object_component>
      <object_component id="oc-13a">
         <name>.text:_PLL_getLockStatus</name>
         <load_address>0x3f67ff</load_address>
         <run_address>0x3f67ff</run_address>
         <size>0x3</size>
         <input_file_ref idref="fl-11"/>
      </object_component>
      <object_component id="oc-116">
         <name>.text</name>
         <load_address>0x3f6802</load_address>
         <run_address>0x3f6802</run_address>
         <size>0x2</size>
         <input_file_ref idref="fl-27"/>
      </object_component>
      <object_component id="oc-118">
         <name>.text</name>
         <load_address>0x3f6804</load_address>
         <run_address>0x3f6804</run_address>
         <size>0x1</size>
         <input_file_ref idref="fl-28"/>
      </object_component>
      <object_component id="oc-76">
         <name>ramfuncs</name>
         <load_address>0x3f604c</load_address>
         <run_address>0x8000</run_address>
         <size>0x4</size>
         <input_file_ref idref="fl-d"/>
      </object_component>
      <object_component id="oc-cd">
         <name>.stack</name>
         <uninitialized>true</uninitialized>
         <run_address>0x50</run_address>
         <size>0x0</size>
         <input_file_ref idref="fl-1f"/>
      </object_component>
      <object_component id="oc-17b">
         <name>.stack</name>
         <uninitialized>true</uninitialized>
         <run_address>0x50</run_address>
         <size>0x0</size>
      </object_component>
      <object_component id="oc-3a">
         <name>.ebss</name>
         <uninitialized>true</uninitialized>
         <run_address>0x880e</run_address>
         <size>0x8</size>
         <input_file_ref idref="fl-2"/>
      </object_component>
      <object_component id="oc-41">
         <name>.ebss</name>
         <uninitialized>true</uninitialized>
         <run_address>0x8800</run_address>
         <size>0xe</size>
         <input_file_ref idref="fl-3"/>
      </object_component>
      <object_component id="oc-70">
         <name>.ebss</name>
         <uninitialized>true</uninitialized>
         <run_address>0x8820</run_address>
         <size>0x1</size>
         <input_file_ref idref="fl-c"/>
      </object_component>
      <object_component id="oc-102">
         <name>.ebss</name>
         <uninitialized>true</uninitialized>
         <run_address>0x8816</run_address>
         <size>0x6</size>
         <input_file_ref idref="fl-29"/>
      </object_component>
      <object_component id="oc-13b">
         <name>.ebss:__unlock</name>
         <uninitialized>true</uninitialized>
         <run_address>0x881e</run_address>
         <size>0x2</size>
         <input_file_ref idref="fl-2a"/>
      </object_component>
      <object_component id="oc-11d">
         <name>.ebss:__lock</name>
         <uninitialized>true</uninitialized>
         <run_address>0x881c</run_address>
         <size>0x2</size>
         <input_file_ref idref="fl-2a"/>
      </object_component>
      <object_component id="oc-42">
         <name>.econst:.string</name>
         <load_address>0x3f6000</load_address>
         <run_address>0x3f6000</run_address>
         <size>0x37</size>
         <input_file_ref idref="fl-3"/>
      </object_component>
      <object_component id="oc-3b">
         <name>.econst</name>
         <load_address>0x3f6038</load_address>
         <run_address>0x3f6038</run_address>
         <size>0x10</size>
         <input_file_ref idref="fl-2"/>
      </object_component>
      <object_component id="oc-136">
         <name>.econst:_$P$T0$1</name>
         <load_address>0x3f6048</load_address>
         <run_address>0x3f6048</run_address>
         <size>0x4</size>
         <input_file_ref idref="fl-2"/>
      </object_component>
      <object_component id="oc-ce">
         <name>.reset</name>
         <load_address>0x3fffc0</load_address>
         <run_address>0x3fffc0</run_address>
         <size>0x2</size>
         <input_file_ref idref="fl-1f"/>
      </object_component>
      <object_component id="oc-68">
         <name>PieVectTableFile</name>
         <uninitialized>true</uninitialized>
         <run_address>0xd00</run_address>
         <size>0x100</size>
         <input_file_ref idref="fl-a"/>
      </object_component>
      <object_component id="oc-48">
         <name>EmuKeyVar</name>
         <uninitialized>true</uninitialized>
         <run_address>0xd00</run_address>
         <size>0x1</size>
         <input_file_ref idref="fl-a"/>
      </object_component>
      <object_component id="oc-4a">
         <name>EmuBModeVar</name>
         <uninitialized>true</uninitialized>
         <run_address>0xd01</run_address>
         <size>0x1</size>
         <input_file_ref idref="fl-a"/>
      </object_component>
      <object_component id="oc-4c">
         <name>FlashCallbackVar</name>
         <uninitialized>true</uninitialized>
         <run_address>0xd02</run_address>
         <size>0x2</size>
         <input_file_ref idref="fl-a"/>
      </object_component>
      <object_component id="oc-4b">
         <name>FlashScalingVar</name>
         <uninitialized>true</uninitialized>
         <run_address>0xd04</run_address>
         <size>0x2</size>
         <input_file_ref idref="fl-a"/>
      </object_component>
      <object_component id="oc-4e">
         <name>DevEmuRegsFile</name>
         <uninitialized>true</uninitialized>
         <run_address>0x880</run_address>
         <size>0x4</size>
         <input_file_ref idref="fl-a"/>
      </object_component>
      <object_component id="oc-4d">
         <name>SysPwrCtrlRegsFile</name>
         <uninitialized>true</uninitialized>
         <run_address>0x985</run_address>
         <size>0x3</size>
         <input_file_ref idref="fl-a"/>
      </object_component>
      <object_component id="oc-4f">
         <name>FlashRegsFile</name>
         <uninitialized>true</uninitialized>
         <run_address>0xa80</run_address>
         <size>0x8</size>
         <input_file_ref idref="fl-a"/>
      </object_component>
      <object_component id="oc-58">
         <name>CsmRegsFile</name>
         <uninitialized>true</uninitialized>
         <run_address>0xae0</run_address>
         <size>0x10</size>
         <input_file_ref idref="fl-a"/>
      </object_component>
      <object_component id="oc-60">
         <name>AdcResultFile</name>
         <uninitialized>true</uninitialized>
         <run_address>0xb00</run_address>
         <size>0x20</size>
         <input_file_ref idref="fl-a"/>
      </object_component>
      <object_component id="oc-50">
         <name>CpuTimer0RegsFile</name>
         <uninitialized>true</uninitialized>
         <run_address>0xc00</run_address>
         <size>0x8</size>
         <input_file_ref idref="fl-a"/>
      </object_component>
      <object_component id="oc-51">
         <name>CpuTimer1RegsFile</name>
         <uninitialized>true</uninitialized>
         <run_address>0xc08</run_address>
         <size>0x8</size>
         <input_file_ref idref="fl-a"/>
      </object_component>
      <object_component id="oc-52">
         <name>CpuTimer2RegsFile</name>
         <uninitialized>true</uninitialized>
         <run_address>0xc10</run_address>
         <size>0x8</size>
         <input_file_ref idref="fl-a"/>
      </object_component>
      <object_component id="oc-5c">
         <name>PieCtrlRegsFile</name>
         <uninitialized>true</uninitialized>
         <run_address>0xce0</run_address>
         <size>0x1a</size>
         <input_file_ref idref="fl-a"/>
      </object_component>
      <object_component id="oc-5f">
         <name>ECap1RegsFile</name>
         <uninitialized>true</uninitialized>
         <run_address>0x6a00</run_address>
         <size>0x20</size>
         <input_file_ref idref="fl-a"/>
      </object_component>
      <object_component id="oc-66">
         <name>GpioCtrlRegsFile</name>
         <uninitialized>true</uninitialized>
         <run_address>0x6f80</run_address>
         <size>0x40</size>
         <input_file_ref idref="fl-a"/>
      </object_component>
      <object_component id="oc-5e">
         <name>GpioDataRegsFile</name>
         <uninitialized>true</uninitialized>
         <run_address>0x6fc0</run_address>
         <size>0x20</size>
         <input_file_ref idref="fl-a"/>
      </object_component>
      <object_component id="oc-54">
         <name>GpioIntRegsFile</name>
         <uninitialized>true</uninitialized>
         <run_address>0x6fe0</run_address>
         <size>0xa</size>
         <input_file_ref idref="fl-a"/>
      </object_component>
      <object_component id="oc-5d">
         <name>SysCtrlRegsFile</name>
         <uninitialized>true</uninitialized>
         <run_address>0x7010</run_address>
         <size>0x1f</size>
         <input_file_ref idref="fl-a"/>
      </object_component>
      <object_component id="oc-55">
         <name>SpiaRegsFile</name>
         <uninitialized>true</uninitialized>
         <run_address>0x7040</run_address>
         <size>0x10</size>
         <input_file_ref idref="fl-a"/>
      </object_component>
      <object_component id="oc-56">
         <name>SciaRegsFile</name>
         <uninitialized>true</uninitialized>
         <run_address>0x7050</run_address>
         <size>0x10</size>
         <input_file_ref idref="fl-a"/>
      </object_component>
      <object_component id="oc-57">
         <name>NmiIntruptRegsFile</name>
         <uninitialized>true</uninitialized>
         <run_address>0x7060</run_address>
         <size>0x10</size>
         <input_file_ref idref="fl-a"/>
      </object_component>
      <object_component id="oc-59">
         <name>XIntruptRegsFile</name>
         <uninitialized>true</uninitialized>
         <run_address>0x7070</run_address>
         <size>0x10</size>
         <input_file_ref idref="fl-a"/>
      </object_component>
      <object_component id="oc-67">
         <name>AdcRegsFile</name>
         <uninitialized>true</uninitialized>
         <run_address>0x7100</run_address>
         <size>0x51</size>
         <input_file_ref idref="fl-a"/>
      </object_component>
      <object_component id="oc-61">
         <name>I2caRegsFile</name>
         <uninitialized>true</uninitialized>
         <run_address>0x7900</run_address>
         <size>0x22</size>
         <input_file_ref idref="fl-a"/>
      </object_component>
      <object_component id="oc-5b">
         <name>Comp1RegsFile</name>
         <uninitialized>true</uninitialized>
         <run_address>0x6400</run_address>
         <size>0x11</size>
         <input_file_ref idref="fl-a"/>
      </object_component>
      <object_component id="oc-5a">
         <name>Comp2RegsFile</name>
         <uninitialized>true</uninitialized>
         <run_address>0x6420</run_address>
         <size>0x11</size>
         <input_file_ref idref="fl-a"/>
      </object_component>
      <object_component id="oc-65">
         <name>EPwm1RegsFile</name>
         <uninitialized>true</uninitialized>
         <run_address>0x6800</run_address>
         <size>0x40</size>
         <input_file_ref idref="fl-a"/>
      </object_component>
      <object_component id="oc-63">
         <name>EPwm2RegsFile</name>
         <uninitialized>true</uninitialized>
         <run_address>0x6840</run_address>
         <size>0x40</size>
         <input_file_ref idref="fl-a"/>
      </object_component>
      <object_component id="oc-62">
         <name>EPwm3RegsFile</name>
         <uninitialized>true</uninitialized>
         <run_address>0x6880</run_address>
         <size>0x40</size>
         <input_file_ref idref="fl-a"/>
      </object_component>
      <object_component id="oc-64">
         <name>EPwm4RegsFile</name>
         <uninitialized>true</uninitialized>
         <run_address>0x68c0</run_address>
         <size>0x40</size>
         <input_file_ref idref="fl-a"/>
      </object_component>
      <object_component id="oc-53">
         <name>CsmPwlFile</name>
         <uninitialized>true</uninitialized>
         <run_address>0x3f7ff8</run_address>
         <size>0x8</size>
         <input_file_ref idref="fl-a"/>
      </object_component>
      <object_component id="oc-49">
         <name>PartIdRegsFile</name>
         <uninitialized>true</uninitialized>
         <run_address>0x3d7fff</run_address>
         <size>0x1</size>
         <input_file_ref idref="fl-a"/>
      </object_component>
      <object_component id="oc-39">
         <name>.debug_info</name>
         <load_address>0x0</load_address>
         <run_address>0x0</run_address>
         <size>0x2c17</size>
         <input_file_ref idref="fl-2"/>
      </object_component>
      <object_component id="oc-40">
         <name>.debug_info</name>
         <load_address>0x2c17</load_address>
         <run_address>0x2c17</run_address>
         <size>0xe3a</size>
         <input_file_ref idref="fl-3"/>
      </object_component>
      <object_component id="oc-47">
         <name>.debug_info</name>
         <load_address>0x3a51</load_address>
         <run_address>0x3a51</run_address>
         <size>0xb0d8</size>
         <input_file_ref idref="fl-a"/>
      </object_component>
      <object_component id="oc-6a">
         <name>.debug_info</name>
         <load_address>0xeb29</load_address>
         <run_address>0xeb29</run_address>
         <size>0xee3</size>
         <input_file_ref idref="fl-b"/>
      </object_component>
      <object_component id="oc-6f">
         <name>.debug_info</name>
         <load_address>0xfa0c</load_address>
         <run_address>0xfa0c</run_address>
         <size>0x78a</size>
         <input_file_ref idref="fl-c"/>
      </object_component>
      <object_component id="oc-77">
         <name>.debug_info</name>
         <load_address>0x10196</load_address>
         <run_address>0x10196</run_address>
         <size>0x1f9</size>
         <input_file_ref idref="fl-d"/>
      </object_component>
      <object_component id="oc-7b">
         <name>.debug_info</name>
         <load_address>0x1038f</load_address>
         <run_address>0x1038f</run_address>
         <size>0xc8c</size>
         <input_file_ref idref="fl-e"/>
      </object_component>
      <object_component id="oc-80">
         <name>.debug_info</name>
         <load_address>0x1101b</load_address>
         <run_address>0x1101b</run_address>
         <size>0x1a81</size>
         <input_file_ref idref="fl-f"/>
      </object_component>
      <object_component id="oc-85">
         <name>.debug_info</name>
         <load_address>0x12a9c</load_address>
         <run_address>0x12a9c</run_address>
         <size>0x276a</size>
         <input_file_ref idref="fl-10"/>
      </object_component>
      <object_component id="oc-8b">
         <name>.debug_info</name>
         <load_address>0x15206</load_address>
         <run_address>0x15206</run_address>
         <size>0xd6c</size>
         <input_file_ref idref="fl-11"/>
      </object_component>
      <object_component id="oc-90">
         <name>.debug_info</name>
         <load_address>0x15f72</load_address>
         <run_address>0x15f72</run_address>
         <size>0x7a9</size>
         <input_file_ref idref="fl-12"/>
      </object_component>
      <object_component id="oc-95">
         <name>.debug_info</name>
         <load_address>0x1671b</load_address>
         <run_address>0x1671b</run_address>
         <size>0x2d3e</size>
         <input_file_ref idref="fl-13"/>
      </object_component>
      <object_component id="oc-cf">
         <name>.debug_info</name>
         <load_address>0x19459</load_address>
         <run_address>0x19459</run_address>
         <size>0x176</size>
         <input_file_ref idref="fl-1f"/>
      </object_component>
      <object_component id="oc-d4">
         <name>.debug_info</name>
         <load_address>0x195cf</load_address>
         <run_address>0x195cf</run_address>
         <size>0x117</size>
         <input_file_ref idref="fl-20"/>
      </object_component>
      <object_component id="oc-d9">
         <name>.debug_info</name>
         <load_address>0x196e6</load_address>
         <run_address>0x196e6</run_address>
         <size>0x117</size>
         <input_file_ref idref="fl-21"/>
      </object_component>
      <object_component id="oc-de">
         <name>.debug_info</name>
         <load_address>0x197fd</load_address>
         <run_address>0x197fd</run_address>
         <size>0x125</size>
         <input_file_ref idref="fl-22"/>
      </object_component>
      <object_component id="oc-e3">
         <name>.debug_info</name>
         <load_address>0x19922</load_address>
         <run_address>0x19922</run_address>
         <size>0x11a</size>
         <input_file_ref idref="fl-23"/>
      </object_component>
      <object_component id="oc-e8">
         <name>.debug_info</name>
         <load_address>0x19a3c</load_address>
         <run_address>0x19a3c</run_address>
         <size>0x11b</size>
         <input_file_ref idref="fl-24"/>
      </object_component>
      <object_component id="oc-ec">
         <name>.debug_info</name>
         <load_address>0x19b57</load_address>
         <run_address>0x19b57</run_address>
         <size>0x4d8</size>
         <input_file_ref idref="fl-25"/>
      </object_component>
      <object_component id="oc-f1">
         <name>.debug_info</name>
         <load_address>0x1a02f</load_address>
         <run_address>0x1a02f</run_address>
         <size>0x3d3</size>
         <input_file_ref idref="fl-26"/>
      </object_component>
      <object_component id="oc-f6">
         <name>.debug_info</name>
         <load_address>0x1a402</load_address>
         <run_address>0x1a402</run_address>
         <size>0x346</size>
         <input_file_ref idref="fl-27"/>
      </object_component>
      <object_component id="oc-fb">
         <name>.debug_info</name>
         <load_address>0x1a748</load_address>
         <run_address>0x1a748</run_address>
         <size>0x343</size>
         <input_file_ref idref="fl-28"/>
      </object_component>
      <object_component id="oc-100">
         <name>.debug_info</name>
         <load_address>0x1aa8b</load_address>
         <run_address>0x1aa8b</run_address>
         <size>0x4dd</size>
         <input_file_ref idref="fl-29"/>
      </object_component>
      <object_component id="oc-107">
         <name>.debug_info</name>
         <load_address>0x1af68</load_address>
         <run_address>0x1af68</run_address>
         <size>0x465</size>
         <input_file_ref idref="fl-2a"/>
      </object_component>
      <object_component id="oc-10c">
         <name>.debug_info</name>
         <load_address>0x1b3cd</load_address>
         <run_address>0x1b3cd</run_address>
         <size>0x400</size>
         <input_file_ref idref="fl-2b"/>
      </object_component>
      <object_component id="oc-112">
         <name>.debug_info</name>
         <load_address>0x1b7cd</load_address>
         <run_address>0x1b7cd</run_address>
         <size>0x117</size>
         <input_file_ref idref="fl-2c"/>
      </object_component>
      <object_component id="oc-17d">
         <name>.debug_info</name>
         <load_address>0x1b8e4</load_address>
         <run_address>0x1b8e4</run_address>
         <size>0x9e</size>
      </object_component>
      <object_component id="oc-3c">
         <name>.debug_frame</name>
         <load_address>0x0</load_address>
         <run_address>0x0</run_address>
         <size>0x308</size>
         <input_file_ref idref="fl-2"/>
      </object_component>
      <object_component id="oc-43">
         <name>.debug_frame</name>
         <load_address>0x308</load_address>
         <run_address>0x308</run_address>
         <size>0x68</size>
         <input_file_ref idref="fl-3"/>
      </object_component>
      <object_component id="oc-6b">
         <name>.debug_frame</name>
         <load_address>0x568</load_address>
         <run_address>0x568</run_address>
         <size>0xcb</size>
         <input_file_ref idref="fl-b"/>
      </object_component>
      <object_component id="oc-71">
         <name>.debug_frame</name>
         <load_address>0x633</load_address>
         <run_address>0x633</run_address>
         <size>0xa1</size>
         <input_file_ref idref="fl-c"/>
      </object_component>
      <object_component id="oc-7c">
         <name>.debug_frame</name>
         <load_address>0x6d4</load_address>
         <run_address>0x6d4</run_address>
         <size>0x77</size>
         <input_file_ref idref="fl-e"/>
      </object_component>
      <object_component id="oc-81">
         <name>.debug_frame</name>
         <load_address>0x74b</load_address>
         <run_address>0x74b</run_address>
         <size>0xb6</size>
         <input_file_ref idref="fl-f"/>
      </object_component>
      <object_component id="oc-87">
         <name>.debug_frame</name>
         <load_address>0x801</load_address>
         <run_address>0x801</run_address>
         <size>0xb6</size>
         <input_file_ref idref="fl-10"/>
      </object_component>
      <object_component id="oc-8c">
         <name>.debug_frame</name>
         <load_address>0x8b7</load_address>
         <run_address>0x8b7</run_address>
         <size>0xe0</size>
         <input_file_ref idref="fl-11"/>
      </object_component>
      <object_component id="oc-91">
         <name>.debug_frame</name>
         <load_address>0x997</load_address>
         <run_address>0x997</run_address>
         <size>0x8c</size>
         <input_file_ref idref="fl-12"/>
      </object_component>
      <object_component id="oc-c9">
         <name>.debug_frame</name>
         <load_address>0xa23</load_address>
         <run_address>0xa23</run_address>
         <size>0x491</size>
         <input_file_ref idref="fl-13"/>
      </object_component>
      <object_component id="oc-ed">
         <name>.debug_frame</name>
         <load_address>0x370</load_address>
         <run_address>0x370</run_address>
         <size>0x58</size>
         <input_file_ref idref="fl-25"/>
      </object_component>
      <object_component id="oc-f2">
         <name>.debug_frame</name>
         <load_address>0x3c8</load_address>
         <run_address>0x3c8</run_address>
         <size>0x38</size>
         <input_file_ref idref="fl-26"/>
      </object_component>
      <object_component id="oc-f7">
         <name>.debug_frame</name>
         <load_address>0x400</load_address>
         <run_address>0x400</run_address>
         <size>0x38</size>
         <input_file_ref idref="fl-27"/>
      </object_component>
      <object_component id="oc-fc">
         <name>.debug_frame</name>
         <load_address>0x438</load_address>
         <run_address>0x438</run_address>
         <size>0x38</size>
         <input_file_ref idref="fl-28"/>
      </object_component>
      <object_component id="oc-103">
         <name>.debug_frame</name>
         <load_address>0x470</load_address>
         <run_address>0x470</run_address>
         <size>0x58</size>
         <input_file_ref idref="fl-29"/>
      </object_component>
      <object_component id="oc-108">
         <name>.debug_frame</name>
         <load_address>0x4c8</load_address>
         <run_address>0x4c8</run_address>
         <size>0x68</size>
         <input_file_ref idref="fl-2a"/>
      </object_component>
      <object_component id="oc-10d">
         <name>.debug_frame</name>
         <load_address>0x530</load_address>
         <run_address>0x530</run_address>
         <size>0x38</size>
         <input_file_ref idref="fl-2b"/>
      </object_component>
      <object_component id="oc-3d">
         <name>.debug_line</name>
         <load_address>0x0</load_address>
         <run_address>0x0</run_address>
         <size>0x378</size>
         <input_file_ref idref="fl-2"/>
      </object_component>
      <object_component id="oc-44">
         <name>.debug_line</name>
         <load_address>0x378</load_address>
         <run_address>0x378</run_address>
         <size>0xa1</size>
         <input_file_ref idref="fl-3"/>
      </object_component>
      <object_component id="oc-6c">
         <name>.debug_line</name>
         <load_address>0x419</load_address>
         <run_address>0x419</run_address>
         <size>0xf8</size>
         <input_file_ref idref="fl-b"/>
      </object_component>
      <object_component id="oc-72">
         <name>.debug_line</name>
         <load_address>0x511</load_address>
         <run_address>0x511</run_address>
         <size>0xb0</size>
         <input_file_ref idref="fl-c"/>
      </object_component>
      <object_component id="oc-78">
         <name>.debug_line</name>
         <load_address>0x5c1</load_address>
         <run_address>0x5c1</run_address>
         <size>0x9f</size>
         <input_file_ref idref="fl-d"/>
      </object_component>
      <object_component id="oc-7d">
         <name>.debug_line</name>
         <load_address>0x660</load_address>
         <run_address>0x660</run_address>
         <size>0x84</size>
         <input_file_ref idref="fl-e"/>
      </object_component>
      <object_component id="oc-82">
         <name>.debug_line</name>
         <load_address>0x6e4</load_address>
         <run_address>0x6e4</run_address>
         <size>0x13c</size>
         <input_file_ref idref="fl-f"/>
      </object_component>
      <object_component id="oc-88">
         <name>.debug_line</name>
         <load_address>0x820</load_address>
         <run_address>0x820</run_address>
         <size>0xd6</size>
         <input_file_ref idref="fl-10"/>
      </object_component>
      <object_component id="oc-8d">
         <name>.debug_line</name>
         <load_address>0x8f6</load_address>
         <run_address>0x8f6</run_address>
         <size>0x123</size>
         <input_file_ref idref="fl-11"/>
      </object_component>
      <object_component id="oc-92">
         <name>.debug_line</name>
         <load_address>0xa19</load_address>
         <run_address>0xa19</run_address>
         <size>0xa3</size>
         <input_file_ref idref="fl-12"/>
      </object_component>
      <object_component id="oc-ca">
         <name>.debug_line</name>
         <load_address>0xabc</load_address>
         <run_address>0xabc</run_address>
         <size>0x4fb</size>
         <input_file_ref idref="fl-13"/>
      </object_component>
      <object_component id="oc-d0">
         <name>.debug_line</name>
         <load_address>0xfb7</load_address>
         <run_address>0xfb7</run_address>
         <size>0x7d</size>
         <input_file_ref idref="fl-1f"/>
      </object_component>
      <object_component id="oc-d5">
         <name>.debug_line</name>
         <load_address>0x1034</load_address>
         <run_address>0x1034</run_address>
         <size>0xb3</size>
         <input_file_ref idref="fl-20"/>
      </object_component>
      <object_component id="oc-da">
         <name>.debug_line</name>
         <load_address>0x10e7</load_address>
         <run_address>0x10e7</run_address>
         <size>0xa2</size>
         <input_file_ref idref="fl-21"/>
      </object_component>
      <object_component id="oc-df">
         <name>.debug_line</name>
         <load_address>0x1189</load_address>
         <run_address>0x1189</run_address>
         <size>0x49</size>
         <input_file_ref idref="fl-22"/>
      </object_component>
      <object_component id="oc-e4">
         <name>.debug_line</name>
         <load_address>0x11d2</load_address>
         <run_address>0x11d2</run_address>
         <size>0x57</size>
         <input_file_ref idref="fl-23"/>
      </object_component>
      <object_component id="oc-e9">
         <name>.debug_line</name>
         <load_address>0x1229</load_address>
         <run_address>0x1229</run_address>
         <size>0x52</size>
         <input_file_ref idref="fl-24"/>
      </object_component>
      <object_component id="oc-ee">
         <name>.debug_line</name>
         <load_address>0x127b</load_address>
         <run_address>0x127b</run_address>
         <size>0x50</size>
         <input_file_ref idref="fl-25"/>
      </object_component>
      <object_component id="oc-f3">
         <name>.debug_line</name>
         <load_address>0x12cb</load_address>
         <run_address>0x12cb</run_address>
         <size>0x62</size>
         <input_file_ref idref="fl-26"/>
      </object_component>
      <object_component id="oc-f8">
         <name>.debug_line</name>
         <load_address>0x132d</load_address>
         <run_address>0x132d</run_address>
         <size>0x3e</size>
         <input_file_ref idref="fl-27"/>
      </object_component>
      <object_component id="oc-fd">
         <name>.debug_line</name>
         <load_address>0x136b</load_address>
         <run_address>0x136b</run_address>
         <size>0x3a</size>
         <input_file_ref idref="fl-28"/>
      </object_component>
      <object_component id="oc-104">
         <name>.debug_line</name>
         <load_address>0x13a5</load_address>
         <run_address>0x13a5</run_address>
         <size>0x65</size>
         <input_file_ref idref="fl-29"/>
      </object_component>
      <object_component id="oc-109">
         <name>.debug_line</name>
         <load_address>0x140a</load_address>
         <run_address>0x140a</run_address>
         <size>0x5e</size>
         <input_file_ref idref="fl-2a"/>
      </object_component>
      <object_component id="oc-10e">
         <name>.debug_line</name>
         <load_address>0x1468</load_address>
         <run_address>0x1468</run_address>
         <size>0x55</size>
         <input_file_ref idref="fl-2b"/>
      </object_component>
      <object_component id="oc-113">
         <name>.debug_line</name>
         <load_address>0x14bd</load_address>
         <run_address>0x14bd</run_address>
         <size>0xc4</size>
         <input_file_ref idref="fl-2c"/>
      </object_component>
      <object_component id="oc-3e">
         <name>.debug_abbrev</name>
         <load_address>0x0</load_address>
         <run_address>0x0</run_address>
         <size>0x158</size>
         <input_file_ref idref="fl-2"/>
      </object_component>
      <object_component id="oc-45">
         <name>.debug_abbrev</name>
         <load_address>0x158</load_address>
         <run_address>0x158</run_address>
         <size>0x11f</size>
         <input_file_ref idref="fl-3"/>
      </object_component>
      <object_component id="oc-69">
         <name>.debug_abbrev</name>
         <load_address>0x277</load_address>
         <run_address>0x277</run_address>
         <size>0xb7</size>
         <input_file_ref idref="fl-a"/>
      </object_component>
      <object_component id="oc-6d">
         <name>.debug_abbrev</name>
         <load_address>0x32e</load_address>
         <run_address>0x32e</run_address>
         <size>0x174</size>
         <input_file_ref idref="fl-b"/>
      </object_component>
      <object_component id="oc-73">
         <name>.debug_abbrev</name>
         <load_address>0x4a2</load_address>
         <run_address>0x4a2</run_address>
         <size>0x11b</size>
         <input_file_ref idref="fl-c"/>
      </object_component>
      <object_component id="oc-79">
         <name>.debug_abbrev</name>
         <load_address>0x5bd</load_address>
         <run_address>0x5bd</run_address>
         <size>0x2f</size>
         <input_file_ref idref="fl-d"/>
      </object_component>
      <object_component id="oc-7e">
         <name>.debug_abbrev</name>
         <load_address>0x5ec</load_address>
         <run_address>0x5ec</run_address>
         <size>0x16e</size>
         <input_file_ref idref="fl-e"/>
      </object_component>
      <object_component id="oc-83">
         <name>.debug_abbrev</name>
         <load_address>0x75a</load_address>
         <run_address>0x75a</run_address>
         <size>0x16b</size>
         <input_file_ref idref="fl-f"/>
      </object_component>
      <object_component id="oc-89">
         <name>.debug_abbrev</name>
         <load_address>0x8c5</load_address>
         <run_address>0x8c5</run_address>
         <size>0x1d9</size>
         <input_file_ref idref="fl-10"/>
      </object_component>
      <object_component id="oc-8e">
         <name>.debug_abbrev</name>
         <load_address>0xa9e</load_address>
         <run_address>0xa9e</run_address>
         <size>0x182</size>
         <input_file_ref idref="fl-11"/>
      </object_component>
      <object_component id="oc-93">
         <name>.debug_abbrev</name>
         <load_address>0xc20</load_address>
         <run_address>0xc20</run_address>
         <size>0x11d</size>
         <input_file_ref idref="fl-12"/>
      </object_component>
      <object_component id="oc-cb">
         <name>.debug_abbrev</name>
         <load_address>0xd3d</load_address>
         <run_address>0xd3d</run_address>
         <size>0xb6</size>
         <input_file_ref idref="fl-13"/>
      </object_component>
      <object_component id="oc-d1">
         <name>.debug_abbrev</name>
         <load_address>0xdf3</load_address>
         <run_address>0xdf3</run_address>
         <size>0x46</size>
         <input_file_ref idref="fl-1f"/>
      </object_component>
      <object_component id="oc-d6">
         <name>.debug_abbrev</name>
         <load_address>0xe39</load_address>
         <run_address>0xe39</run_address>
         <size>0x38</size>
         <input_file_ref idref="fl-20"/>
      </object_component>
      <object_component id="oc-db">
         <name>.debug_abbrev</name>
         <load_address>0xe71</load_address>
         <run_address>0xe71</run_address>
         <size>0x38</size>
         <input_file_ref idref="fl-21"/>
      </object_component>
      <object_component id="oc-e0">
         <name>.debug_abbrev</name>
         <load_address>0xea9</load_address>
         <run_address>0xea9</run_address>
         <size>0x46</size>
         <input_file_ref idref="fl-22"/>
      </object_component>
      <object_component id="oc-e5">
         <name>.debug_abbrev</name>
         <load_address>0xeef</load_address>
         <run_address>0xeef</run_address>
         <size>0x38</size>
         <input_file_ref idref="fl-23"/>
      </object_component>
      <object_component id="oc-ea">
         <name>.debug_abbrev</name>
         <load_address>0xf27</load_address>
         <run_address>0xf27</run_address>
         <size>0x38</size>
         <input_file_ref idref="fl-24"/>
      </object_component>
      <object_component id="oc-ef">
         <name>.debug_abbrev</name>
         <load_address>0xf5f</load_address>
         <run_address>0xf5f</run_address>
         <size>0xe3</size>
         <input_file_ref idref="fl-25"/>
      </object_component>
      <object_component id="oc-f4">
         <name>.debug_abbrev</name>
         <load_address>0x1042</load_address>
         <run_address>0x1042</run_address>
         <size>0xa8</size>
         <input_file_ref idref="fl-26"/>
      </object_component>
      <object_component id="oc-f9">
         <name>.debug_abbrev</name>
         <load_address>0x10ea</load_address>
         <run_address>0x10ea</run_address>
         <size>0x68</size>
         <input_file_ref idref="fl-27"/>
      </object_component>
      <object_component id="oc-fe">
         <name>.debug_abbrev</name>
         <load_address>0x1152</load_address>
         <run_address>0x1152</run_address>
         <size>0x66</size>
         <input_file_ref idref="fl-28"/>
      </object_component>
      <object_component id="oc-105">
         <name>.debug_abbrev</name>
         <load_address>0x11b8</load_address>
         <run_address>0x11b8</run_address>
         <size>0x130</size>
         <input_file_ref idref="fl-29"/>
      </object_component>
      <object_component id="oc-10a">
         <name>.debug_abbrev</name>
         <load_address>0x12e8</load_address>
         <run_address>0x12e8</run_address>
         <size>0xb2</size>
         <input_file_ref idref="fl-2a"/>
      </object_component>
      <object_component id="oc-10f">
         <name>.debug_abbrev</name>
         <load_address>0x139a</load_address>
         <run_address>0x139a</run_address>
         <size>0xee</size>
         <input_file_ref idref="fl-2b"/>
      </object_component>
      <object_component id="oc-114">
         <name>.debug_abbrev</name>
         <load_address>0x1488</load_address>
         <run_address>0x1488</run_address>
         <size>0x38</size>
         <input_file_ref idref="fl-2c"/>
      </object_component>
      <object_component id="oc-17e">
         <name>.debug_abbrev</name>
         <load_address>0x14c0</load_address>
         <run_address>0x14c0</run_address>
         <size>0xf</size>
      </object_component>
      <object_component id="oc-3f">
         <name>.debug_aranges</name>
         <load_address>0x0</load_address>
         <run_address>0x0</run_address>
         <size>0x100</size>
         <input_file_ref idref="fl-2"/>
      </object_component>
      <object_component id="oc-46">
         <name>.debug_aranges</name>
         <load_address>0x100</load_address>
         <run_address>0x100</run_address>
         <size>0x30</size>
         <input_file_ref idref="fl-3"/>
      </object_component>
      <object_component id="oc-6e">
         <name>.debug_aranges</name>
         <load_address>0x130</load_address>
         <run_address>0x130</run_address>
         <size>0x40</size>
         <input_file_ref idref="fl-b"/>
      </object_component>
      <object_component id="oc-74">
         <name>.debug_aranges</name>
         <load_address>0x170</load_address>
         <run_address>0x170</run_address>
         <size>0x30</size>
         <input_file_ref idref="fl-c"/>
      </object_component>
      <object_component id="oc-7a">
         <name>.debug_aranges</name>
         <load_address>0x1a0</load_address>
         <run_address>0x1a0</run_address>
         <size>0x28</size>
         <input_file_ref idref="fl-d"/>
      </object_component>
      <object_component id="oc-7f">
         <name>.debug_aranges</name>
         <load_address>0x1c8</load_address>
         <run_address>0x1c8</run_address>
         <size>0x20</size>
         <input_file_ref idref="fl-e"/>
      </object_component>
      <object_component id="oc-84">
         <name>.debug_aranges</name>
         <load_address>0x1e8</load_address>
         <run_address>0x1e8</run_address>
         <size>0x38</size>
         <input_file_ref idref="fl-f"/>
      </object_component>
      <object_component id="oc-8a">
         <name>.debug_aranges</name>
         <load_address>0x220</load_address>
         <run_address>0x220</run_address>
         <size>0x38</size>
         <input_file_ref idref="fl-10"/>
      </object_component>
      <object_component id="oc-8f">
         <name>.debug_aranges</name>
         <load_address>0x258</load_address>
         <run_address>0x258</run_address>
         <size>0x48</size>
         <input_file_ref idref="fl-11"/>
      </object_component>
      <object_component id="oc-94">
         <name>.debug_aranges</name>
         <load_address>0x2a0</load_address>
         <run_address>0x2a0</run_address>
         <size>0x28</size>
         <input_file_ref idref="fl-12"/>
      </object_component>
      <object_component id="oc-cc">
         <name>.debug_aranges</name>
         <load_address>0x2c8</load_address>
         <run_address>0x2c8</run_address>
         <size>0x1b0</size>
         <input_file_ref idref="fl-13"/>
      </object_component>
      <object_component id="oc-d2">
         <name>.debug_aranges</name>
         <load_address>0x478</load_address>
         <run_address>0x478</run_address>
         <size>0x20</size>
         <input_file_ref idref="fl-1f"/>
      </object_component>
      <object_component id="oc-d7">
         <name>.debug_aranges</name>
         <load_address>0x498</load_address>
         <run_address>0x498</run_address>
         <size>0x20</size>
         <input_file_ref idref="fl-20"/>
      </object_component>
      <object_component id="oc-dc">
         <name>.debug_aranges</name>
         <load_address>0x4b8</load_address>
         <run_address>0x4b8</run_address>
         <size>0x20</size>
         <input_file_ref idref="fl-21"/>
      </object_component>
      <object_component id="oc-e1">
         <name>.debug_aranges</name>
         <load_address>0x4d8</load_address>
         <run_address>0x4d8</run_address>
         <size>0x20</size>
         <input_file_ref idref="fl-22"/>
      </object_component>
      <object_component id="oc-e6">
         <name>.debug_aranges</name>
         <load_address>0x4f8</load_address>
         <run_address>0x4f8</run_address>
         <size>0x20</size>
         <input_file_ref idref="fl-23"/>
      </object_component>
      <object_component id="oc-eb">
         <name>.debug_aranges</name>
         <load_address>0x518</load_address>
         <run_address>0x518</run_address>
         <size>0x20</size>
         <input_file_ref idref="fl-24"/>
      </object_component>
      <object_component id="oc-f0">
         <name>.debug_aranges</name>
         <load_address>0x538</load_address>
         <run_address>0x538</run_address>
         <size>0x20</size>
         <input_file_ref idref="fl-25"/>
      </object_component>
      <object_component id="oc-f5">
         <name>.debug_aranges</name>
         <load_address>0x558</load_address>
         <run_address>0x558</run_address>
         <size>0x20</size>
         <input_file_ref idref="fl-26"/>
      </object_component>
      <object_component id="oc-fa">
         <name>.debug_aranges</name>
         <load_address>0x578</load_address>
         <run_address>0x578</run_address>
         <size>0x20</size>
         <input_file_ref idref="fl-27"/>
      </object_component>
      <object_component id="oc-ff">
         <name>.debug_aranges</name>
         <load_address>0x598</load_address>
         <run_address>0x598</run_address>
         <size>0x20</size>
         <input_file_ref idref="fl-28"/>
      </object_component>
      <object_component id="oc-106">
         <name>.debug_aranges</name>
         <load_address>0x5b8</load_address>
         <run_address>0x5b8</run_address>
         <size>0x28</size>
         <input_file_ref idref="fl-29"/>
      </object_component>
      <object_component id="oc-10b">
         <name>.debug_aranges</name>
         <load_address>0x5e0</load_address>
         <run_address>0x5e0</run_address>
         <size>0x30</size>
         <input_file_ref idref="fl-2a"/>
      </object_component>
      <object_component id="oc-110">
         <name>.debug_aranges</name>
         <load_address>0x610</load_address>
         <run_address>0x610</run_address>
         <size>0x20</size>
         <input_file_ref idref="fl-2b"/>
      </object_component>
      <object_component id="oc-115">
         <name>.debug_aranges</name>
         <load_address>0x630</load_address>
         <run_address>0x630</run_address>
         <size>0x20</size>
         <input_file_ref idref="fl-2c"/>
      </object_component>
   </object_component_list>
   <logical_group_list>
      <logical_group id="lg-2" display="no" color="cyan">
         <name>.cinit</name>
         <load_address>0x3f6805</load_address>
         <run_address>0x3f6805</run_address>
         <size>0x1a</size>
         <contents>
            <object_component_ref idref="oc-101"/>
            <object_component_ref idref="oc-11e"/>
            <object_component_ref idref="oc-131"/>
         </contents>
      </logical_group>
      <logical_group id="lg-3" display="no" color="cyan">
         <name>.pinit</name>
         <run_address>0x0</run_address>
         <size>0x0</size>
         <contents>
         </contents>
      </logical_group>
      <logical_group id="lg-17c" display="no" color="cyan">
         <name>.text</name>
         <load_address>0x3f6050</load_address>
         <run_address>0x3f6050</run_address>
         <size>0x7b5</size>
         <contents>
            <object_component_ref idref="oc-11f"/>
            <object_component_ref idref="oc-11c"/>
            <object_component_ref idref="oc-111"/>
            <object_component_ref idref="oc-d3"/>
            <object_component_ref idref="oc-d8"/>
            <object_component_ref idref="oc-38"/>
            <object_component_ref idref="oc-134"/>
            <object_component_ref idref="oc-132"/>
            <object_component_ref idref="oc-11a"/>
            <object_component_ref idref="oc-133"/>
            <object_component_ref idref="oc-117"/>
            <object_component_ref idref="oc-11b"/>
            <object_component_ref idref="oc-e2"/>
            <object_component_ref idref="oc-119"/>
            <object_component_ref idref="oc-e7"/>
            <object_component_ref idref="oc-12b"/>
            <object_component_ref idref="oc-12d"/>
            <object_component_ref idref="oc-dd"/>
            <object_component_ref idref="oc-124"/>
            <object_component_ref idref="oc-75"/>
            <object_component_ref idref="oc-130"/>
            <object_component_ref idref="oc-120"/>
            <object_component_ref idref="oc-122"/>
            <object_component_ref idref="oc-123"/>
            <object_component_ref idref="oc-125"/>
            <object_component_ref idref="oc-127"/>
            <object_component_ref idref="oc-126"/>
            <object_component_ref idref="oc-129"/>
            <object_component_ref idref="oc-128"/>
            <object_component_ref idref="oc-135"/>
            <object_component_ref idref="oc-12a"/>
            <object_component_ref idref="oc-138"/>
            <object_component_ref idref="oc-139"/>
            <object_component_ref idref="oc-a9"/>
            <object_component_ref idref="oc-aa"/>
            <object_component_ref idref="oc-bf"/>
            <object_component_ref idref="oc-c0"/>
            <object_component_ref idref="oc-c1"/>
            <object_component_ref idref="oc-c2"/>
            <object_component_ref idref="oc-c3"/>
            <object_component_ref idref="oc-c4"/>
            <object_component_ref idref="oc-ad"/>
            <object_component_ref idref="oc-98"/>
            <object_component_ref idref="oc-b8"/>
            <object_component_ref idref="oc-c6"/>
            <object_component_ref idref="oc-9a"/>
            <object_component_ref idref="oc-b4"/>
            <object_component_ref idref="oc-b0"/>
            <object_component_ref idref="oc-b5"/>
            <object_component_ref idref="oc-b1"/>
            <object_component_ref idref="oc-b6"/>
            <object_component_ref idref="oc-b2"/>
            <object_component_ref idref="oc-b7"/>
            <object_component_ref idref="oc-b3"/>
            <object_component_ref idref="oc-bb"/>
            <object_component_ref idref="oc-bc"/>
            <object_component_ref idref="oc-9c"/>
            <object_component_ref idref="oc-96"/>
            <object_component_ref idref="oc-97"/>
            <object_component_ref idref="oc-9b"/>
            <object_component_ref idref="oc-c7"/>
            <object_component_ref idref="oc-86"/>
            <object_component_ref idref="oc-99"/>
            <object_component_ref idref="oc-bd"/>
            <object_component_ref idref="oc-be"/>
            <object_component_ref idref="oc-b9"/>
            <object_component_ref idref="oc-ba"/>
            <object_component_ref idref="oc-ae"/>
            <object_component_ref idref="oc-a6"/>
            <object_component_ref idref="oc-a7"/>
            <object_component_ref idref="oc-a8"/>
            <object_component_ref idref="oc-9d"/>
            <object_component_ref idref="oc-9e"/>
            <object_component_ref idref="oc-9f"/>
            <object_component_ref idref="oc-a0"/>
            <object_component_ref idref="oc-a1"/>
            <object_component_ref idref="oc-a2"/>
            <object_component_ref idref="oc-a3"/>
            <object_component_ref idref="oc-a4"/>
            <object_component_ref idref="oc-a5"/>
            <object_component_ref idref="oc-af"/>
            <object_component_ref idref="oc-ab"/>
            <object_component_ref idref="oc-ac"/>
            <object_component_ref idref="oc-c5"/>
            <object_component_ref idref="oc-c8"/>
            <object_component_ref idref="oc-121"/>
            <object_component_ref idref="oc-12f"/>
            <object_component_ref idref="oc-12e"/>
            <object_component_ref idref="oc-12c"/>
            <object_component_ref idref="oc-137"/>
            <object_component_ref idref="oc-13a"/>
            <object_component_ref idref="oc-116"/>
            <object_component_ref idref="oc-118"/>
         </contents>
      </logical_group>
      <split_section id="lg-4" display="no" color="cyan">
         <name>.text</name>
         <contents>
            <logical_group_ref idref="lg-17c"/>
         </contents>
      </split_section>
      <logical_group id="lg-5" display="no" color="cyan">
         <name>codestart</name>
         <run_address>0x0</run_address>
         <size>0x0</size>
         <contents>
         </contents>
      </logical_group>
      <logical_group id="lg-6" display="no" color="cyan">
         <name>ramfuncs</name>
         <load_address>0x3f604c</load_address>
         <run_address>0x8000</run_address>
         <size>0x4</size>
         <contents>
            <object_component_ref idref="oc-76"/>
         </contents>
      </logical_group>
      <logical_group id="lg-7" display="no" color="cyan">
         <name>csmpasswds</name>
         <run_address>0x0</run_address>
         <size>0x0</size>
         <contents>
         </contents>
      </logical_group>
      <logical_group id="lg-8" display="no" color="cyan">
         <name>csm_rsvd</name>
         <run_address>0x0</run_address>
         <size>0x0</size>
         <contents>
         </contents>
      </logical_group>
      <logical_group id="lg-9" display="no" color="cyan">
         <name>.stack</name>
[...]
      </symbol>
      <symbol id="sm-136">
         <name>_DevEmuRegs</name>
         <value>0x880</value>
         <object_component_ref idref="oc-4e"/>
      </symbol>
      <symbol id="sm-137">
         <name>_Comp1Regs</name>
         <value>0x6400</value>
         <object_component_ref idref="oc-5b"/>
      </symbol>
      <symbol id="sm-138">
         <name>_SciaRegs</name>
         <value>0x7050</value>
         <object_component_ref idref="oc-56"/>
      </symbol>
      <symbol id="sm-139">
         <name>_GpioDataRegs</name>
         <value>0x6fc0</value>
         <object_component_ref idref="oc-5e"/>
      </symbol>
      <symbol id="sm-13a">
         <name>_CsmPwl</name>
         <value>0x3f7ff8</value>
         <object_component_ref idref="oc-53"/>
      </symbol>
      <symbol id="sm-13b">
         <name>_AdcRegs</name>
         <value>0x7100</value>
         <object_component_ref idref="oc-67"/>
      </symbol>
      <symbol id="sm-13c">
         <name>_Comp2Regs</name>
         <value>0x6420</value>
         <object_component_ref idref="oc-5a"/>
      </symbol>
      <symbol id="sm-13d">
         <name>_XIntruptRegs</name>
         <value>0x7070</value>
         <object_component_ref idref="oc-59"/>
      </symbol>
      <symbol id="sm-13e">
         <name>_CpuTimer2Regs</name>
         <value>0xc10</value>
         <object_component_ref idref="oc-52"/>
      </symbol>
      <symbol id="sm-13f">
         <name>_PieCtrlRegs</name>
         <value>0xce0</value>
         <object_component_ref idref="oc-5c"/>
      </symbol>
      <symbol id="sm-140">
         <name>_ECap1Regs</name>
         <value>0x6a00</value>
         <object_component_ref idref="oc-5f"/>
      </symbol>
      <symbol id="sm-141">
         <name>_EmuKey</name>
         <value>0xd00</value>
         <object_component_ref idref="oc-48"/>
      </symbol>
      <symbol id="sm-142">
         <name>_EPwm1Regs</name>
         <value>0x6800</value>
         <object_component_ref idref="oc-65"/>
      </symbol>
      <symbol id="sm-143">
         <name>_GpioIntRegs</name>
         <value>0x6fe0</value>
         <object_component_ref idref="oc-54"/>
      </symbol>
      <symbol id="sm-144">
         <name>_PartIdRegs</name>
         <value>0x3d7fff</value>
         <object_component_ref idref="oc-49"/>
      </symbol>
      <symbol id="sm-145">
         <name>_Flash_CPUScaleFactor</name>
         <value>0xd04</value>
         <object_component_ref idref="oc-4b"/>
      </symbol>
      <symbol id="sm-146">
         <name>_EPwm2Regs</name>
         <value>0x6840</value>
         <object_component_ref idref="oc-63"/>
      </symbol>
      <symbol id="sm-147">
         <name>_NmiIntruptRegs</name>
         <value>0x7060</value>
         <object_component_ref idref="oc-57"/>
      </symbol>
      <symbol id="sm-148">
         <name>_Flash_CallbackPtr</name>
         <value>0xd02</value>
         <object_component_ref idref="oc-4c"/>
      </symbol>
      <symbol id="sm-149">
         <name>_EPwm3Regs</name>
         <value>0x6880</value>
         <object_component_ref idref="oc-62"/>
      </symbol>
      <symbol id="sm-14a">
         <name>_I2caRegs</name>
         <value>0x7900</value>
         <object_component_ref idref="oc-61"/>
      </symbol>
      <symbol id="sm-161">
         <name>_CLK_enableAdcClock</name>
         <value>0x3f66c9</value>
         <object_component_ref idref="oc-128"/>
      </symbol>
      <symbol id="sm-162">
         <name>_CLK_disableAdcClock</name>
         <value>0x3f66c2</value>
         <object_component_ref idref="oc-129"/>
      </symbol>
      <symbol id="sm-163">
         <name>_CLK_setOscSrc</name>
         <value>0x3f66d7</value>
         <object_component_ref idref="oc-12a"/>
      </symbol>
      <symbol id="sm-164">
         <name>_CLK_enableI2cClock</name>
         <value>0x3f66d0</value>
         <object_component_ref idref="oc-135"/>
      </symbol>
      <symbol id="sm-165">
         <name>_CLK_init</name>
         <value>0x3f6692</value>
         <object_component_ref idref="oc-120"/>
      </symbol>
      <symbol id="sm-179">
         <name>_CPU_disableGlobalInts</name>
         <value>0x3f67f6</value>
         <object_component_ref idref="oc-12e"/>
      </symbol>
      <symbol id="sm-17a">
         <name>_CPU_clearIntFlags</name>
         <value>0x3f67f3</value>
         <object_component_ref idref="oc-12f"/>
      </symbol>
      <symbol id="sm-17b">
         <name>_CPU_init</name>
         <value>0x3f67ef</value>
         <object_component_ref idref="oc-121"/>
      </symbol>
      <symbol id="sm-17c">
         <name>_cpu</name>
         <value>0x8820</value>
         <object_component_ref idref="oc-70"/>
      </symbol>
      <symbol id="sm-18a">
         <name>_setDBGIER</name>
         <value>0x3f667f</value>
         <object_component_ref idref="oc-75"/>
      </symbol>
      <symbol id="sm-18b">
         <name>_DSP28x_DisableInt</name>
         <value>0x3f6682</value>
         <object_component_ref idref="oc-75"/>
      </symbol>
      <symbol id="sm-18c">
         <name>_DSP28x_RestoreInt</name>
         <value>0x3f6686</value>
         <object_component_ref idref="oc-75"/>
      </symbol>
      <symbol id="sm-18d">
         <name>_DSP28x_usDelay</name>
         <value>0x8000</value>
         <object_component_ref idref="oc-76"/>
      </symbol>
      <symbol id="sm-19c">
         <name>_FLASH_init</name>
         <value>0x3f669a</value>
         <object_component_ref idref="oc-122"/>
      </symbol>
      <symbol id="sm-1b9">
         <name>_GPIO_setQualification</name>
         <value>0x3f658e</value>
         <object_component_ref idref="oc-133"/>
      </symbol>
      <symbol id="sm-1ba">
         <name>_GPIO_setMode</name>
         <value>0x3f64f4</value>
         <object_component_ref idref="oc-134"/>
      </symbol>
      <symbol id="sm-1bb">
         <name>_GPIO_init</name>
         <value>0x3f66a2</value>
         <object_component_ref idref="oc-123"/>
      </symbol>
      <symbol id="sm-1bc">
         <name>_GPIO_setPullUp</name>
         <value>0x3f653c</value>
         <object_component_ref idref="oc-132"/>
      </symbol>
      <symbol id="sm-1d4">
         <name>_PIE_disableAllInts</name>
         <value>0x3f6656</value>
         <object_component_ref idref="oc-12d"/>
      </symbol>
      <symbol id="sm-1d5">
         <name>_PIE_disable</name>
         <value>0x3f67f9</value>
         <object_component_ref idref="oc-12c"/>
      </symbol>
      <symbol id="sm-1d6">
         <name>_PIE_illegalIsr</name>
         <value>0x3f6777</value>
         <object_component_ref idref="oc-86"/>
      </symbol>
      <symbol id="sm-1d7">
         <name>_PIE_init</name>
         <value>0x3f6675</value>
         <object_component_ref idref="oc-124"/>
      </symbol>
      <symbol id="sm-1f2">
         <name>_PLL_getClkStatus</name>
         <value>0x3f67fc</value>
         <object_component_ref idref="oc-137"/>
      </symbol>
      <symbol id="sm-1f3">
         <name>_PLL_setDivider</name>
         <value>0x3f66de</value>
         <object_component_ref idref="oc-138"/>
      </symbol>
      <symbol id="sm-1f4">
         <name>_PLL_init</name>
         <value>0x3f66aa</value>
         <object_component_ref idref="oc-125"/>
      </symbol>
      <symbol id="sm-1f5">
         <name>_PLL_getLockStatus</name>
         <value>0x3f67ff</value>
         <object_component_ref idref="oc-13a"/>
      </symbol>
      <symbol id="sm-1f6">
         <name>_PLL_setup</name>
         <value>0x3f6641</value>
         <object_component_ref idref="oc-12b"/>
      </symbol>
      <symbol id="sm-1f7">
         <name>_PLL_setMultiplier</name>
         <value>0x3f66e5</value>
         <object_component_ref idref="oc-139"/>
      </symbol>
      <symbol id="sm-208">
         <name>_WDOG_init</name>
         <value>0x3f66ba</value>
         <object_component_ref idref="oc-126"/>
      </symbol>
      <symbol id="sm-209">
         <name>_WDOG_disable</name>
         <value>0x3f66b2</value>
         <object_component_ref idref="oc-127"/>
      </symbol>
      <symbol id="sm-2ac">
         <name>_ILLEGAL_ISR</name>
         <value>0x3f675e</value>
         <object_component_ref idref="oc-9c"/>
      </symbol>
      <symbol id="sm-2ad">
         <name>_ADCINT4_ISR</name>
         <value>0x3f66fa</value>
         <object_component_ref idref="oc-c0"/>
      </symbol>
      <symbol id="sm-2ae">
         <name>_DATALOG_ISR</name>
         <value>0x3f6718</value>
         <object_component_ref idref="oc-98"/>
      </symbol>
      <symbol id="sm-2af">
         <name>_SPITXINTA_ISR</name>
         <value>0x3f6790</value>
         <object_component_ref idref="oc-ba"/>
      </symbol>
      <symbol id="sm-2b0">
         <name>_SPIRXINTA_ISR</name>
         <value>0x3f678b</value>
         <object_component_ref idref="oc-b9"/>
      </symbol>
      <symbol id="sm-2b1">
         <name>_INT13_ISR</name>
         <value>0x3f6763</value>
         <object_component_ref idref="oc-96"/>
      </symbol>
      <symbol id="sm-2b2">
         <name>_ADCINT5_ISR</name>
         <value>0x3f66ff</value>
         <object_component_ref idref="oc-c1"/>
      </symbol>
      <symbol id="sm-2b3">
         <name>_EPWM4_INT_ISR</name>
         <value>0x3f674a</value>
         <object_component_ref idref="oc-b7"/>
      </symbol>
      <symbol id="sm-2b4">
         <name>_USER5_ISR</name>
         <value>0x3f67bd</value>
         <object_component_ref idref="oc-a1"/>
      </symbol>
      <symbol id="sm-2b5">
         <name>_EMPTY_ISR</name>
         <value>0x3f6722</value>
         <object_component_ref idref="oc-c6"/>
      </symbol>
      <symbol id="sm-2b6">
         <name>_EPWM4_TZINT_ISR</name>
         <value>0x3f674f</value>
         <object_component_ref idref="oc-b3"/>
      </symbol>
      <symbol id="sm-2b7">
         <name>_EMUINT_ISR</name>
         <value>0x3f6727</value>
         <object_component_ref idref="oc-9a"/>
      </symbol>
      <symbol id="sm-2b8">
         <name>_ECAP1_INT_ISR</name>
         <value>0x3f671d</value>
         <object_component_ref idref="oc-b8"/>
      </symbol>
      <symbol id="sm-2b9">
         <name>_EPWM1_TZINT_ISR</name>
         <value>0x3f6731</value>
         <object_component_ref idref="oc-b0"/>
      </symbol>
      <symbol id="sm-2ba">
         <name>_ADCINT6_ISR</name>
         <value>0x3f6704</value>
         <object_component_ref idref="oc-c2"/>
      </symbol>
      <symbol id="sm-2bb">
         <name>_ADCINT8_ISR</name>
         <value>0x3f670e</value>
         <object_component_ref idref="oc-c4"/>
      </symbol>
      <symbol id="sm-2bc">
         <name>_USER11_ISR</name>
         <value>0x3f679f</value>
         <object_component_ref idref="oc-a7"/>
      </symbol>
      <symbol id="sm-2bd">
         <name>_EPWM3_TZINT_ISR</name>
         <value>0x3f6745</value>
         <object_component_ref idref="oc-b2"/>
      </symbol>
      <symbol id="sm-2be">
         <name>_USER4_ISR</name>
         <value>0x3f67b8</value>
         <object_component_ref idref="oc-a0"/>
      </symbol>
      <symbol id="sm-2bf">
         <name>_EPWM2_TZINT_ISR</name>
         <value>0x3f673b</value>
         <object_component_ref idref="oc-b1"/>
      </symbol>
      <symbol id="sm-2c0">
         <name>_EPWM2_INT_ISR</name>
         <value>0x3f6736</value>
         <object_component_ref idref="oc-b5"/>
      </symbol>
      <symbol id="sm-2c1">
         <name>_TINT0_ISR</name>
         <value>0x3f6795</value>
         <object_component_ref idref="oc-ae"/>
      </symbol>
      <symbol id="sm-2c2">
         <name>_WAKEINT_ISR</name>
         <value>0x3f67d6</value>
         <object_component_ref idref="oc-af"/>
      </symbol>
      <symbol id="sm-2c3">
         <name>_ADCINT7_ISR</name>
         <value>0x3f6709</value>
         <object_component_ref idref="oc-c3"/>
      </symbol>
      <symbol id="sm-2c4">
         <name>_ADCINT9_ISR</name>
         <value>0x3f6713</value>
         <object_component_ref idref="oc-ad"/>
      </symbol>
      <symbol id="sm-2c5">
         <name>_USER10_ISR</name>
         <value>0x3f679a</value>
         <object_component_ref idref="oc-a6"/>
      </symbol>
      <symbol id="sm-2c6">
         <name>_USER7_ISR</name>
         <value>0x3f67c7</value>
         <object_component_ref idref="oc-a3"/>
      </symbol>
      <symbol id="sm-2c7">
         <name>_XINT1_ISR</name>
         <value>0x3f67db</value>
         <object_component_ref idref="oc-ab"/>
      </symbol>
      <symbol id="sm-2c8">
         <name>_INT14_ISR</name>
         <value>0x3f6768</value>
         <object_component_ref idref="oc-97"/>
      </symbol>
      <symbol id="sm-2c9">
         <name>_USER6_ISR</name>
         <value>0x3f67c2</value>
         <object_component_ref idref="oc-a2"/>
      </symbol>
      <symbol id="sm-2ca">
         <name>_ADCINT1_ISR</name>
         <value>0x3f66eb</value>
         <object_component_ref idref="oc-a9"/>
      </symbol>
      <symbol id="sm-2cb">
         <name>_USER12_ISR</name>
         <value>0x3f67a4</value>
         <object_component_ref idref="oc-a8"/>
      </symbol>
      <symbol id="sm-2cc">
         <name>_USER1_ISR</name>
         <value>0x3f67a9</value>
         <object_component_ref idref="oc-9d"/>
      </symbol>
      <symbol id="sm-2cd">
         <name>_XINT3_ISR</name>
         <value>0x3f67e5</value>
         <object_component_ref idref="oc-c5"/>
      </symbol>
      <symbol id="sm-2ce">
         <name>_NMI_ISR</name>
         <value>0x3f676d</value>
         <object_component_ref idref="oc-9b"/>
      </symbol>
      <symbol id="sm-2cf">
         <name>_ADCINT2_ISR</name>
         <value>0x3f66f0</value>
         <object_component_ref idref="oc-aa"/>
      </symbol>
      <symbol id="sm-2d0">
         <name>_PIE_RESERVED</name>
         <value>0x3f6772</value>
         <object_component_ref idref="oc-c7"/>
      </symbol>
      <symbol id="sm-2d1">
         <name>_I2CINT1A_ISR</name>
         <value>0x3f6754</value>
         <object_component_ref idref="oc-bb"/>
      </symbol>
      <symbol id="sm-2d2">
         <name>_XINT2_ISR</name>
         <value>0x3f67e0</value>
         <object_component_ref idref="oc-ac"/>
      </symbol>
      <symbol id="sm-2d3">
         <name>_I2CINT2A_ISR</name>
         <value>0x3f6759</value>
         <object_component_ref idref="oc-bc"/>
      </symbol>
      <symbol id="sm-2d4">
         <name>_RTOSINT_ISR</name>
         <value>0x3f677c</value>
         <object_component_ref idref="oc-99"/>
      </symbol>
      <symbol id="sm-2d5">
         <name>_EPWM3_INT_ISR</name>
         <value>0x3f6740</value>
         <object_component_ref idref="oc-b6"/>
      </symbol>
      <symbol id="sm-2d6">
         <name>_ADCINT3_ISR</name>
         <value>0x3f66f5</value>
         <object_component_ref idref="oc-bf"/>
      </symbol>
      <symbol id="sm-2d7">
         <name>_USER9_ISR</name>
         <value>0x3f67d1</value>
         <object_component_ref idref="oc-a5"/>
      </symbol>
      <symbol id="sm-2d8">
         <name>_USER3_ISR</name>
         <value>0x3f67b3</value>
         <object_component_ref idref="oc-9f"/>
      </symbol>
      <symbol id="sm-2d9">
         <name>_USER8_ISR</name>
         <value>0x3f67cc</value>
         <object_component_ref idref="oc-a4"/>
      </symbol>
      <symbol id="sm-2da">
         <name>_EPWM1_INT_ISR</name>
         <value>0x3f672c</value>
         <object_component_ref idref="oc-b4"/>
      </symbol>
      <symbol id="sm-2db">
         <name>_USER2_ISR</name>
         <value>0x3f67ae</value>
         <object_component_ref idref="oc-9e"/>
      </symbol>
      <symbol id="sm-2dc">
         <name>_SCITXINTA_ISR</name>
         <value>0x3f6786</value>
         <object_component_ref idref="oc-be"/>
      </symbol>
      <symbol id="sm-2dd">
         <name>_SCIRXINTA_ISR</name>
         <value>0x3f6781</value>
         <object_component_ref idref="oc-bd"/>
      </symbol>
      <symbol id="sm-2de">
         <name>_rsvd_ISR</name>
         <value>0x3f67ea</value>
         <object_component_ref idref="oc-c8"/>
      </symbol>
      <symbol id="sm-2f9">
         <name>_c_int00</name>
         <value>0x3f64a0</value>
         <object_component_ref idref="oc-38"/>
      </symbol>
      <symbol id="sm-2fa">
         <name>__stack</name>
         <value>0x50</value>
         <object_component_ref idref="oc-cd"/>
      </symbol>
      <symbol id="sm-311">
         <name>FD$$DIV</name>
         <value>0x3f6392</value>
         <object_component_ref idref="oc-d3"/>
      </symbol>
      <symbol id="sm-323">
         <name>FD$$MPY</name>
         <value>0x3f641d</value>
         <object_component_ref idref="oc-d8"/>
      </symbol>
      <symbol id="sm-32f">
         <name>FD$$SUB</name>
         <value>0x3f6667</value>
         <object_component_ref idref="oc-dd"/>
      </symbol>
      <symbol id="sm-33e">
         <name>FD$$TOUL</name>
         <value>0x3f65f6</value>
         <object_component_ref idref="oc-e2"/>
      </symbol>
      <symbol id="sm-34f">
         <name>U$$TOFD</name>
         <value>0x3f662a</value>
         <object_component_ref idref="oc-e7"/>
      </symbol>
      <symbol id="sm-35e">
         <name>_copy_in</name>
         <value>0x3f65b5</value>
         <object_component_ref idref="oc-117"/>
      </symbol>
      <symbol id="sm-36f">
         <name>_memcpy</name>
         <value>0x3f65d9</value>
         <object_component_ref idref="oc-11b"/>
      </symbol>
      <symbol id="sm-37b">
         <name>__system_pre_init</name>
         <value>0x3f6802</value>
         <object_component_ref idref="oc-116"/>
      </symbol>
      <symbol id="sm-388">
         <name>__system_post_cinit</name>
         <value>0x3f6804</value>
         <object_component_ref idref="oc-118"/>
      </symbol>
      <symbol id="sm-39c">
         <name>C$$EXIT</name>
         <value>0x3f6565</value>
         <object_component_ref idref="oc-11a"/>
      </symbol>
      <symbol id="sm-39d">
         <name>_exit</name>
         <value>0x3f6567</value>
         <object_component_ref idref="oc-11a"/>
      </symbol>
      <symbol id="sm-39e">
         <name>___TI_cleanup_ptr</name>
         <value>0x8818</value>
         <object_component_ref idref="oc-102"/>
      </symbol>
      <symbol id="sm-39f">
         <name>___TI_enable_exit_profile_output</name>
         <value>0x8816</value>
         <object_component_ref idref="oc-102"/>
      </symbol>
      <symbol id="sm-3a0">
         <name>_abort</name>
         <value>0x3f6565</value>
         <object_component_ref idref="oc-11a"/>
      </symbol>
      <symbol id="sm-3a1">
         <name>___TI_dtors_ptr</name>
         <value>0x881a</value>
         <object_component_ref idref="oc-102"/>
      </symbol>
      <symbol id="sm-3b5">
         <name>__unlock</name>
         <value>0x881e</value>
         <object_component_ref idref="oc-13b"/>
      </symbol>
      <symbol id="sm-3b6">
         <name>__lock</name>
         <value>0x881c</value>
         <object_component_ref idref="oc-11d"/>
      </symbol>
      <symbol id="sm-3b7">
         <name>__register_lock</name>
         <value>0x3f668d</value>
         <object_component_ref idref="oc-130"/>
      </symbol>
      <symbol id="sm-3b8">
         <name>__nop</name>
         <value>0x3f6691</value>
         <object_component_ref idref="oc-130"/>
      </symbol>
      <symbol id="sm-3b9">
         <name>__register_unlock</name>
         <value>0x3f6689</value>
         <object_component_ref idref="oc-130"/>
      </symbol>
      <symbol id="sm-3c8">
         <name>__args_main</name>
         <value>0x3f6611</value>
         <object_component_ref idref="oc-119"/>
      </symbol>
      <symbol id="sm-3e3">
         <name>FD$$ADD</name>
         <value>0x3f62f6</value>
         <object_component_ref idref="oc-111"/>
      </symbol>
   </symbol_table>
   <title>Link successful</title>
</link_info>
